
p=1

N=10:  DG L-inf = 0.0261978079084
       PP L-inf = 0.00192175223489   

N=20:  DG L-inf = 0.00656754690864   order = 1.9960
       PP L-inf = 0.000122114076074  order = 3.9761

N=40:  DG L-inf = 0.00165072024771   order = 1.9923 
       PP L-inf = 7.72173238772e-06  order = 3.9832

N=80:  DG L-inf = 0.0004132332394    order = 1.9981
       PP L-inf = 4.8401560071e-07   order = 3.9958

p=2

N=10:  DG L-inf	= 0.00125540083591
       PP L-inf	= 0.000199234530571

N=20:  DG L-inf = 0.000160970476236  order = 2.9633
       PP L-inf = 1.39258383516e-05  order = 3.8386

N=40:  DG L-inf = 2.02487663865e-05  order = 2.9909
       PP L-inf = 5.03051960387e-06  order = 1.4690

N=80:  DG L-inf = 2.53508697843e-06  order = 2.9977
       PP L-inf = 2.29236195494e-06  order = 1.1339

p=3

N=10:  DG L-inf = 3.95597164997e-05 
       PP L-inf = 2.27388872438e-05

N=20:  DG L-inf = 2.45792067188e-06   order = 4.0085 
       PP L-inf = 9.7283293532e-08    order = 7.8688

N=40:  DG L-inf = 1.54796752194e-07   order = 3.9890
       PP L-inf = 3.88514331817e-10   order = 7.9681

N=80:  DG L-inf = 9.69322222488e-09   order = 3.9973
       PP L-inf = 1.53521639845e-12   order = 7.9834

p=4

N=10:  DG L-inf = 1.03191276882e-06
       PP L-inf = Index out of Bounds

N=20:  DG L-inf = 3.34556653908e-08   order = 4.9469
       PP L-inf = 3.09354153405e-09

N=40:  DG L-inf = 1.05501742759e-09   order = 4.9869
       PP L-inf = 1.82384246594e-10   order = 4.0842

N=80:  DG L-inf = 3.30444734076e-11   order = 4.9967
       PP L-inf = 1.07606396016e-10   order = 0.7612
